// Jest Snapshot v1, https://goo.gl/fbAQLP

exports[`rendering components it should match with the snapshot 1`] = `
<Provider
  store={
    Object {
      "clearActions": [Function],
      "dispatch": [Function],
      "getActions": [Function],
      "getState": [Function],
      "replaceReducer": [Function],
      "subscribe": [Function],
    }
  }
>
  <Loading>
    <div
      className="flex items-center justify-center align-center grid xl:grid-cols-6 lg:grid-cols-3 md:grid-cols-2 sm:grid-cols-2 xs:grid-cols-1 xl:mb-auto xl:h-10 lg:mb-auto lg:h-10"
    >
      <div
        className="p-3 h-64 w-64  animate-pulse"
      >
        <div
          className="rounded overflow-hidden shadow-lg "
        >
          <div
            className="bg-gray-100 h-32 w-full"
          />
          <div
            className="px-6 py-6 "
          >
            <div
              className="font-bold text-sm mb-2 bg-gray-100"
            >
               
            </div>
            <p
              className="text-gray-100 text-xs bg-gray-100"
            >
               
            </p>
          </div>
        </div>
      </div>
      <div
        className="p-3 h-64 w-64  animate-pulse"
      >
        <div
          className="rounded overflow-hidden shadow-lg "
        >
          <div
            className="bg-gray-100 h-32 w-full"
          />
          <div
            className="px-6 py-6 "
          >
            <div
              className="font-bold text-sm mb-2 bg-gray-100"
            >
               
            </div>
            <p
              className="text-gray-100 text-xs bg-gray-100"
            >
               
            </p>
          </div>
        </div>
      </div>
      <div
        className="p-3 h-64 w-64  animate-pulse"
      >
        <div
          className="rounded overflow-hidden shadow-lg "
        >
          <div
            className="bg-gray-100 h-32 w-full"
          />
          <div
            className="px-6 py-6 "
          >
            <div
              className="font-bold text-sm mb-2 bg-gray-100"
            >
               
            </div>
            <p
              className="text-gray-100 text-xs bg-gray-100"
            >
               
            </p>
          </div>
        </div>
      </div>
      <div
        className="p-3 h-64 w-64  animate-pulse"
      >
        <div
          className="rounded overflow-hidden shadow-lg "
        >
          <div
            className="bg-gray-100 h-32 w-full"
          />
          <div
            className="px-6 py-6 "
          >
            <div
              className="font-bold text-sm mb-2 bg-gray-100"
            >
               
            </div>
            <p
              className="text-gray-100 text-xs bg-gray-100"
            >
               
            </p>
          </div>
        </div>
      </div>
      <div
        className="p-3 h-64 w-64  animate-pulse"
      >
        <div
          className="rounded overflow-hidden shadow-lg "
        >
          <div
            className="bg-gray-100 h-32 w-full"
          />
          <div
            className="px-6 py-6 "
          >
            <div
              className="font-bold text-sm mb-2 bg-gray-100"
            >
               
            </div>
            <p
              className="text-gray-100 text-xs bg-gray-100"
            >
               
            </p>
          </div>
        </div>
      </div>
      <div
        className="p-3 h-64 w-64  animate-pulse"
      >
        <div
          className="rounded overflow-hidden shadow-lg "
        >
          <div
            className="bg-gray-100 h-32 w-full"
          />
          <div
            className="px-6 py-6 "
          >
            <div
              className="font-bold text-sm mb-2 bg-gray-100"
            >
               
            </div>
            <p
              className="text-gray-100 text-xs bg-gray-100"
            >
               
            </p>
          </div>
        </div>
      </div>
    </div>
  </Loading>
</Provider>
`;
